---
source: tests/compare.rs
expression: "serde_json::to_string_pretty(&diff).expect(\"couldn't pretty\")"
---
{
  "Object": {
    "different_elements": {
      "Value": {
        "Array": {
          "Element": {
            "1": {
              "Scalar": [
                "a",
                "ab"
              ]
            }
          }
        }
      }
    },
    "extra_key": "ExtraKey",
    "length_difference": {
      "Value": {
        "Array": {
          "Length": [
            0,
            1
          ]
        }
      }
    },
    "missing_key": "MissingKey",
    "type_difference": {
      "Value": {
        "Type": [
          "Number",
          "String"
        ]
      }
    },
    "value_difference": {
      "Value": {
        "Scalar": [
          1,
          2
        ]
      }
    }
  }
}
