---
source: tests/diff.rs
expression: "serde_json::to_string_pretty(&diff).expect(\"couldn't pretty\")"
---
{
  "difference_of": "Object",
  "different_elements": {
    "entry_difference": "Deep",
    "diff": {
      "difference_of": "Array",
      "Element": {
        "1": {
          "difference_of": "Scalar",
          "String": [
            "a",
            "ab"
          ]
        }
      }
    }
  },
  "length_difference": {
    "entry_difference": "Deep",
    "diff": {
      "difference_of": "Array",
      "Length": [
        0,
        1
      ]
    }
  },
  "missing_key": {
    "entry_difference": "Missing"
  },
  "type_difference": {
    "entry_difference": "Deep",
    "diff": {
      "difference_of": "Type",
      "source_type": "Number",
      "target_value": "1"
    }
  },
  "value_difference": {
    "entry_difference": "Deep",
    "diff": {
      "difference_of": "Scalar",
      "Number": [
        1,
        2
      ]
    }
  },
  "extra_key": {
    "entry_difference": "Extra",
    "value": "b"
  }
}
