---
source: tests/diff.rs
expression: "serde_json::to_string_pretty(&diff).expect(\"couldn't pretty\")"
---
{
  "difference_of": "Object",
  "different_elements": {
    "entry_difference": "Deep",
    "diff": {
      "difference_of": "Array",
      "array_difference": "PairsOnly",
      "different_pairs": {
        "1": {
          "difference_of": "Scalar",
          "source": "a",
          "target": "ab"
        }
      }
    }
  },
  "length_difference": {
    "entry_difference": "Deep",
    "diff": {
      "difference_of": "Array",
      "array_difference": "Longer",
      "different_pairs": null,
      "missing_elements": 1
    }
  },
  "missing_key": {
    "entry_difference": "Missing"
  },
  "type_difference": {
    "entry_difference": "Deep",
    "diff": {
      "difference_of": "Type",
      "source_type": "Number",
      "target_type": "String",
      "target_value": "1"
    }
  },
  "value_difference": {
    "entry_difference": "Deep",
    "diff": {
      "difference_of": "Scalar",
      "source": 1,
      "target": 2
    }
  },
  "extra_key": {
    "entry_difference": "Extra",
    "value": "b"
  }
}
